test_freddy_cannot_replace_an_active_material_input (__main__.InputAndOutputEdges.test_freddy_cannot_replace_an_active_material_input) ... FAIL
test_mapped_import_preserves_available_phase_and_missing_phase (__main__.InputAndOutputEdges.test_mapped_import_preserves_available_phase_and_missing_phase) ... FAIL
test_identical_weak_signals_are_a_positive_control (__main__.NumericalInvariants.test_identical_weak_signals_are_a_positive_control) ... ok
test_rf_agreement_is_invariant_under_common_power_scaling (__main__.NumericalInvariants.test_rf_agreement_is_invariant_under_common_power_scaling) ...
  test_rf_agreement_is_invariant_under_common_power_scaling (__main__.NumericalInvariants.test_rf_agreement_is_invariant_under_common_power_scaling) (power_scale=1e-08) ... FAIL
  test_rf_agreement_is_invariant_under_common_power_scaling (__main__.NumericalInvariants.test_rf_agreement_is_invariant_under_common_power_scaling) (power_scale=1e-10) ... FAIL
  test_rf_agreement_is_invariant_under_common_power_scaling (__main__.NumericalInvariants.test_rf_agreement_is_invariant_under_common_power_scaling) (power_scale=1e-12) ... FAIL

======================================================================
FAIL: test_freddy_cannot_replace_an_active_material_input (__main__.InputAndOutputEdges.test_freddy_cannot_replace_an_active_material_input)
----------------------------------------------------------------------
Traceback (most recent call last):
  File "experiments/project_audit_20260912\test_audit_regressions.py", line 90, in test_freddy_cannot_replace_an_active_material_input
    self.assertEqual(source.read_text(encoding='utf-8'),original,'Analysis output overwrote its five-column material input')
AssertionError: 'frequency_hz,resistance_ohm,reactance_ohm\n9000000000,[136 chars]09\n' != 'frequency_hz,eps_real,eps_imag,mu_real,mu_imag\n900000[37 chars],0\n'
+ frequency_hz,eps_real,eps_imag,mu_real,mu_imag
+ 9000000000,4,-0.4,1,0
+ 11000000000,4,-0.4,1,0
- frequency_hz,resistance_ohm,reactance_ohm
- 9000000000,43.251062995027901,415.77178119893836
- 10000000000,108.73762497510248,602.7851721339174
- 11000000000,371.98040323923726,979.26829643326209
 : Analysis output overwrote its five-column material input

======================================================================
FAIL: test_mapped_import_preserves_available_phase_and_missing_phase (__main__.InputAndOutputEdges.test_mapped_import_preserves_available_phase_and_missing_phase)
----------------------------------------------------------------------
Traceback (most recent call last):
  File "experiments/project_audit_20260912\test_audit_regressions.py", line 65, in test_mapped_import_preserves_available_phase_and_missing_phase
    self.assertIsNotNone(dialog.dataset,dialog.status.text())
AssertionError: unexpectedly None : Line 3, phase: invalid number ''.

======================================================================
FAIL: test_rf_agreement_is_invariant_under_common_power_scaling (__main__.NumericalInvariants.test_rf_agreement_is_invariant_under_common_power_scaling) (power_scale=1e-08)
----------------------------------------------------------------------
Traceback (most recent call last):
  File "experiments/project_audit_20260912\test_audit_regressions.py", line 39, in test_rf_agreement_is_invariant_under_common_power_scaling
    self.assertAlmostEqual(original.score,scaled.score,places=8)
AssertionError: 99.66467663546055 != 54.76343975005397 within 8 places (44.90123688540658 difference)

======================================================================
FAIL: test_rf_agreement_is_invariant_under_common_power_scaling (__main__.NumericalInvariants.test_rf_agreement_is_invariant_under_common_power_scaling) (power_scale=1e-10)
----------------------------------------------------------------------
Traceback (most recent call last):
  File "experiments/project_audit_20260912\test_audit_regressions.py", line 39, in test_rf_agreement_is_invariant_under_common_power_scaling
    self.assertAlmostEqual(original.score,scaled.score,places=8)
AssertionError: 99.66467663546055 != 54.763439750053955 within 8 places (44.9012368854066 difference)

======================================================================
FAIL: test_rf_agreement_is_invariant_under_common_power_scaling (__main__.NumericalInvariants.test_rf_agreement_is_invariant_under_common_power_scaling) (power_scale=1e-12)
----------------------------------------------------------------------
Traceback (most recent call last):
  File "experiments/project_audit_20260912\test_audit_regressions.py", line 39, in test_rf_agreement_is_invariant_under_common_power_scaling
    self.assertAlmostEqual(original.score,scaled.score,places=8)
AssertionError: 99.66467663546055 != 54.76343975005399 within 8 places (44.90123688540656 difference)

----------------------------------------------------------------------
Ran 4 tests in 0.530s

FAILED (failures=5)
SOURCE AFTER IMPEDANCE frequency_hz,resistance_ohm,reactance_ohm
9000000000,43.251062995027901,415.77178119893836
10000000000,108.73762497510248,602.7851721339174
11000000000,371.98040323923726,979.26829643326209

RF SCALE 0.0001 scores 99.66467663546055 99.66467663546054 CCC 0.9990076713527078 0.9990076713527076
RF SCALE 1e-08 scores 99.66467663546055 54.76343975005397 CCC 0.9990076713527078 0.0
RF SCALE 1e-10 scores 99.66467663546055 54.763439750053955 CCC 0.9990076713527078 0.0
RF SCALE 1e-12 scores 99.66467663546055 54.76343975005399 CCC 0.9990076713527078 0.0
