warning: in the working copy of 'GRIM_Revised_2/README.md', LF will be replaced by CRLF the next time Git touches it
warning: in the working copy of 'GRIM_Revised_2/dataset_jobs.py', LF will be replaced by CRLF the next time Git touches it
warning: in the working copy of 'GRIM_Revised_2/ss_diag.py', LF will be replaced by CRLF the next time Git touches it
warning: in the working copy of 'GRIM_Revised_2/test_csv_export.py', LF will be replaced by CRLF the next time Git touches it
warning: in the working copy of 'GRIM_Revised_2/test_module_boundaries.py', LF will be replaced by CRLF the next time Git touches it
warning: in the working copy of 'GRIM_Revised_2/test_wheel_installation.py', LF will be replaced by CRLF the next time Git touches it
warning: in the working copy of 'pyproject.toml', LF will be replaced by CRLF the next time Git touches it
warning: in the working copy of 'tools/GHOST/Backend/cpu_execution.py', LF will be replaced by CRLF the next time Git touches it
warning: in the working copy of 'tools/GHOST/Backend/cpu_kernels.py', LF will be replaced by CRLF the next time Git touches it
warning: in the working copy of 'tools/GHOST/Backend/hpc_scheduler.py', LF will be replaced by CRLF the next time Git touches it
warning: in the working copy of 'tools/GHOST/Backend/rcs_operators.py', LF will be replaced by CRLF the next time Git touches it
warning: in the working copy of 'tools/GHOST/Backend/rcs_solver.py', LF will be replaced by CRLF the next time Git touches it
warning: in the working copy of 'tools/GHOST/Backend/refined_lu.py', LF will be replaced by CRLF the next time Git touches it
warning: in the working copy of 'tools/GHOST/Backend/run_hpc_monostatic.py', LF will be replaced by CRLF the next time Git touches it
warning: in the working copy of 'tools/GHOST/Backend/run_local_monostatic.py', LF will be replaced by CRLF the next time Git touches it
warning: in the working copy of 'tools/GHOST/Backend/solver_tab.py', LF will be replaced by CRLF the next time Git touches it
warning: in the working copy of 'tools/GHOST/Backend/thin_sheet.py', LF will be replaced by CRLF the next time Git touches it
warning: in the working copy of 'tools/GHOST/Backend/workflow_provenance.py', LF will be replaced by CRLF the next time Git touches it
warning: in the working copy of 'tools/GHOST/CEM_Tools/cem_tools/grim_bridge.py', LF will be replaced by CRLF the next time Git touches it
warning: in the working copy of 'tools/GHOST/EXPERIMENTAL_CPU.md', LF will be replaced by CRLF the next time Git touches it
warning: in the working copy of 'tools/GHOST/README.md', LF will be replaced by CRLF the next time Git touches it
warning: in the working copy of 'tools/GHOST/tests/test_2d_co_polarized.py', LF will be replaced by CRLF the next time Git touches it
warning: in the working copy of 'tools/GHOST/tests/test_experimental_cpu.py', LF will be replaced by CRLF the next time Git touches it
warning: in the working copy of 'tools/GHOST/tests/test_experimental_gui.py', LF will be replaced by CRLF the next time Git touches it
warning: in the working copy of 'tools/GHOST/tests/test_experimental_headless.py', LF will be replaced by CRLF the next time Git touches it
warning: in the working copy of 'tools/GHOST/tests/test_hpc_runtime.py', LF will be replaced by CRLF the next time Git touches it
