test_band_endpoints_interpolate_and_do_not_extrapolate (test_analysis_results.AnalysisDataTests.test_band_endpoints_interpolate_and_do_not_extrapolate) ... ok
test_case_labels_preserve_frequency_tolerance_angle_axes (test_analysis_results.AnalysisDataTests.test_case_labels_preserve_frequency_tolerance_angle_axes) ... ok
test_passing_samples_group_without_bridging_failed_choice (test_analysis_results.AnalysisDataTests.test_passing_samples_group_without_bridging_failed_choice) ... ok
test_batch_curves_match_exported_data_and_selection_is_explicit_after_sort (test_analysis_results.AnalysisWorkflowTests.test_batch_curves_match_exported_data_and_selection_is_explicit_after_sort) ... ok
test_batch_rejects_file_replacement_between_export_and_result_publication (test_analysis_results.AnalysisWorkflowTests.test_batch_rejects_file_replacement_between_export_and_result_publication) ... ok
test_both_polarizations_have_shared_scale_and_option_persists (test_analysis_results.AnalysisWorkflowTests.test_both_polarizations_have_shared_scale_and_option_persists) ... ok
test_clicking_colorbar_does_not_select_a_thickness_but_map_click_does (test_analysis_results.AnalysisWorkflowTests.test_clicking_colorbar_does_not_select_a_thickness_but_map_click_does) ... ok
test_coating_map_matches_report_maxima_and_exports_no_ibc (test_analysis_results.AnalysisWorkflowTests.test_coating_map_matches_report_maxima_and_exports_no_ibc) ... ok
test_directional_te_run_survives_unsupported_optional_tm_comparison (test_analysis_results.AnalysisWorkflowTests.test_directional_te_run_survives_unsupported_optional_tm_comparison) ... ok
test_failed_batch_does_not_publish_a_partial_results_set (test_analysis_results.AnalysisWorkflowTests.test_failed_batch_does_not_publish_a_partial_results_set) ... ok
test_impedance_retains_off_angle_and_air_power_balance_is_physical (test_analysis_results.AnalysisWorkflowTests.test_impedance_retains_off_angle_and_air_power_balance_is_physical) ... ok
test_inverse_angle_map_and_tolerance_use_run_labels_after_setup_edits (test_analysis_results.AnalysisWorkflowTests.test_inverse_angle_map_and_tolerance_use_run_labels_after_setup_edits) ... ok
test_large_frequency_overlay_keeps_narrow_null_and_full_metric_data (test_analysis_results.AnalysisWorkflowTests.test_large_frequency_overlay_keeps_narrow_null_and_full_metric_data) ... ok
test_lower_and_span_views_preserve_existing_uncertainty_display_capabilities (test_analysis_results.AnalysisWorkflowTests.test_lower_and_span_views_preserve_existing_uncertainty_display_capabilities) ... ok
test_project_load_clears_run_owned_results_and_save_uses_current_figure (test_analysis_results.AnalysisWorkflowTests.test_project_load_clears_run_owned_results_and_save_uses_current_figure) ... ok
test_single_point_axes_have_actionable_view_instead_of_false_heatmap_extent (test_analysis_results.AnalysisWorkflowTests.test_single_point_axes_have_actionable_view_instead_of_false_heatmap_extent) ... ok
test_thickness_views_use_frozen_grid_and_tolerance_envelopes (test_analysis_results.AnalysisWorkflowTests.test_thickness_views_use_frozen_grid_and_tolerance_envelopes) ... ok
test_normal_matches_stack_but_oblique_error_is_not_hidden (test_ghost_coating.ScalarCoatingTests.test_normal_matches_stack_but_oblique_error_is_not_hidden) ... ok
test_refined_frequency_grid_reduces_interpolation_error (test_ghost_coating.ScalarCoatingTests.test_refined_frequency_grid_reduces_interpolation_error) ... ok
test_tensor_and_excess_work_are_rejected_before_compute (test_ghost_coating.ScalarCoatingTests.test_tensor_and_excess_work_are_rejected_before_compute) ... ok
test_export_captures_display_choices_before_dialog_and_preserves_selection (test_guide_and_sweep_efficiency.GuideWorkflowTests.test_export_captures_display_choices_before_dialog_and_preserves_selection) ... ok
test_guide_covers_every_analysis_view_and_searches_body_text (test_guide_and_sweep_efficiency.GuideWorkflowTests.test_guide_covers_every_analysis_view_and_searches_body_text) ... ok
test_material_tables_are_shared_per_run_and_refreshed_on_next_load (test_guide_and_sweep_efficiency.GuideWorkflowTests.test_material_tables_are_shared_per_run_and_refreshed_on_next_load) ... ok
test_nominal_display_avoids_span_allocation_and_reuses_band_calculations (test_guide_and_sweep_efficiency.GuideWorkflowTests.test_nominal_display_avoids_span_allocation_and_reuses_band_calculations) ... ok
test_sweep_envelopes_match_scalar_fallback_and_keep_nominal_arrays (test_guide_and_sweep_efficiency.GuideWorkflowTests.test_sweep_envelopes_match_scalar_fallback_and_keep_nominal_arrays) ... ok
test_workflow_links_open_setup_without_running_or_editing_project (test_guide_and_sweep_efficiency.GuideWorkflowTests.test_workflow_links_open_setup_without_running_or_editing_project) ... ok
test_array_metrics_match_public_lists_and_scalar_physics (test_guide_and_sweep_efficiency.SweepEfficiencyTests.test_array_metrics_match_public_lists_and_scalar_physics) ... ok
test_envelopes_align_wrapped_phase_without_mutating_inputs (test_guide_and_sweep_efficiency.SweepEfficiencyTests.test_envelopes_align_wrapped_phase_without_mutating_inputs) ... ok
test_report_preserves_destination_on_failure_and_single_point_has_no_bandwidth (test_guide_and_sweep_efficiency.SweepEfficiencyTests.test_report_preserves_destination_on_failure_and_single_point_has_no_bandwidth) ... ok
test_report_uses_band_metrics_but_full_sweep_null_and_quotes_context (test_guide_and_sweep_efficiency.SweepEfficiencyTests.test_report_uses_band_metrics_but_full_sweep_null_and_quotes_context) ... ok
test_batch_matches_authoritative_stack_compute_and_preserves_stack (test_ibc_batch.IbcBatchExportTests.test_batch_matches_authoritative_stack_compute_and_preserves_stack) ... ok
test_compute_failure_publishes_no_partial_batch (test_ibc_batch.IbcBatchExportTests.test_compute_failure_publishes_no_partial_batch) ... ok
test_each_result_is_staged_before_the_next_is_computed (test_ibc_batch.IbcBatchExportTests.test_each_result_is_staged_before_the_next_is_computed) ... ok
test_partial_publication_failure_rolls_back_complete_batch (test_ibc_batch.IbcBatchExportTests.test_partial_publication_failure_rolls_back_complete_batch) ... ok
test_stage_failure_preserves_every_existing_batch_file (test_ibc_batch.IbcBatchExportTests.test_stage_failure_preserves_every_existing_batch_file) ... ok
test_work_cap_fails_before_compute_or_output (test_ibc_batch.IbcBatchExportTests.test_work_cap_fails_before_compute_or_output) ... ok
test_decimal_names_are_stable_and_stop_is_not_overshot (test_ibc_batch.IbcBatchPlanningTests.test_decimal_names_are_stable_and_stop_is_not_overshot) ... ok
test_inch_and_millimeter_units_have_exact_names_and_conversion (test_ibc_batch.IbcBatchPlanningTests.test_inch_and_millimeter_units_have_exact_names_and_conversion) ... ok
test_inch_sweep_has_exact_values_and_canonical_names (test_ibc_batch.IbcBatchPlanningTests.test_inch_sweep_has_exact_values_and_canonical_names) ... ok
test_invalid_plan_is_rejected_before_any_output (test_ibc_batch.IbcBatchPlanningTests.test_invalid_plan_is_rejected_before_any_output) ... ok
test_workload_is_bounded_without_allocating_frequency_rows (test_ibc_batch.IbcBatchPlanningTests.test_workload_is_bounded_without_allocating_frequency_rows) ... ok
test_decimal_steps_do_not_drop_an_aligned_endpoint (test_inverse_grid.DesignGridTests.test_decimal_steps_do_not_drop_an_aligned_endpoint) ... ok
test_fixed_equal_bounds_and_missing_step (test_inverse_grid.DesignGridTests.test_fixed_equal_bounds_and_missing_step) ... ok
test_invalid_and_indistinguishable_values_are_rejected (test_inverse_grid.DesignGridTests.test_invalid_and_indistinguishable_values_are_rejected) ... ok
test_large_product_is_counted_and_indexed_without_allocating_proposals (test_inverse_grid.DesignGridTests.test_large_product_is_counted_and_indexed_without_allocating_proposals) ... ok
test_step_starts_at_minimum_and_does_not_add_an_off_step_maximum (test_inverse_grid.DesignGridTests.test_step_starts_at_minimum_and_does_not_add_an_off_step_maximum) ... ok
test_all_pass_all_fail_and_touching_threshold (test_inverse_performance.InversePerformanceTests.test_all_pass_all_fail_and_touching_threshold) ... ok
test_best_so_far_history_includes_every_completed_score (test_inverse_performance.InversePerformanceTests.test_best_so_far_history_includes_every_completed_score) ... ok
test_broad_shallower_null_has_more_useful_band_than_deep_spike (test_inverse_performance.InversePerformanceTests.test_broad_shallower_null_has_more_useful_band_than_deep_spike) ... ok
test_discrete_and_single_frequency_have_no_inferred_bandwidth (test_inverse_performance.InversePerformanceTests.test_discrete_and_single_frequency_have_no_inferred_bandwidth) ... ok
test_disjoint_bands_are_not_added_as_one_wide_band (test_inverse_performance.InversePerformanceTests.test_disjoint_bands_are_not_added_as_one_wide_band) ... ok
test_nonuniform_grid_uses_interpolated_width_not_point_count (test_inverse_performance.InversePerformanceTests.test_nonuniform_grid_uses_interpolated_width_not_point_count) ... ok
test_rejects_incomplete_nonfinite_and_duplicate_data (test_inverse_performance.InversePerformanceTests.test_rejects_incomplete_nonfinite_and_duplicate_data) ... ok
test_worst_case_envelope_is_conservative_at_each_frequency (test_inverse_performance.InversePerformanceTests.test_worst_case_envelope_is_conservative_at_each_frequency) ... ok
test_constant_project_roundtrip_needs_no_files_and_validates_values (test_inverse_requirement_constant_layers.ConstantMaterialTests.test_constant_project_roundtrip_needs_no_files_and_validates_values) ... ok
test_constant_properties_match_flat_measured_table_for_all_solver_paths (test_inverse_requirement_constant_layers.ConstantMaterialTests.test_constant_properties_match_flat_measured_table_for_all_solver_paths) ... ok
test_identity_tracks_constant_components_and_only_active_requirement (test_inverse_requirement_constant_layers.ConstantMaterialTests.test_identity_tracks_constant_components_and_only_active_requirement) ... ok
test_apply_and_save_candidate_preserve_constant_material_values (test_inverse_requirement_constant_layers.NewFeaturesUiTests.test_apply_and_save_candidate_preserve_constant_material_values) ... ok
test_changed_search_target_or_constants_block_candidate_use (test_inverse_requirement_constant_layers.NewFeaturesUiTests.test_changed_search_target_or_constants_block_candidate_use) ... ok
test_constants_work_in_impedance_off_angle_thickness_and_ibc_batch (test_inverse_requirement_constant_layers.NewFeaturesUiTests.test_constants_work_in_impedance_off_angle_thickness_and_ibc_batch) ... ok
test_invalid_constant_project_or_requirement_leaves_live_state_unchanged (test_inverse_requirement_constant_layers.NewFeaturesUiTests.test_invalid_constant_project_or_requirement_leaves_live_state_unchanged) ... ok
test_layer_editor_adds_and_edits_constants_and_rejects_gain (test_inverse_requirement_constant_layers.NewFeaturesUiTests.test_layer_editor_adds_and_edits_constants_and_rejects_gain) ... ok
test_requirement_scores_margins_and_project_are_independent_of_plot_controls (test_inverse_requirement_constant_layers.NewFeaturesUiTests.test_requirement_scores_margins_and_project_are_independent_of_plot_controls) ... ok
test_constant_search_resume_preserves_scores_and_rejects_changed_requirement (test_inverse_requirement_constant_layers.RequirementObjectiveTests.test_constant_search_resume_preserves_scores_and_rejects_changed_requirement) ... ok
test_objective_uses_worst_frequency_angle_and_tolerance_corner (test_inverse_requirement_constant_layers.RequirementObjectiveTests.test_objective_uses_worst_frequency_angle_and_tolerance_corner) ... ok
test_whole_band_rejects_deep_narrow_null_that_wins_on_mean (test_inverse_requirement_constant_layers.RequirementObjectiveTests.test_whole_band_rejects_deep_narrow_null_that_wins_on_mean) ... ok
test_display_changes_do_not_alter_search_scores_and_discrete_widths_are_unavailable (test_inverse_results.InverseResultsTests.test_display_changes_do_not_alter_search_scores_and_discrete_widths_are_unavailable) ... ok
test_nonfinite_percentile_is_rejected_instead_of_becoming_worst_case (test_inverse_results.InverseResultsTests.test_nonfinite_percentile_is_rejected_instead_of_becoming_worst_case) ... ok
test_picker_and_plot_checkboxes_follow_original_candidates_after_sort (test_inverse_results.InverseResultsTests.test_picker_and_plot_checkboxes_follow_original_candidates_after_sort) ... ok
test_plot_views_history_and_save_use_the_dedicated_figure (test_inverse_results.InverseResultsTests.test_plot_views_history_and_save_use_the_dedicated_figure) ... ok
test_project_load_clears_previous_results_and_history (test_inverse_results.InverseResultsTests.test_project_load_clears_previous_results_and_history) ... ok
test_results_take_full_workspace_and_other_modes_restore_their_plots (test_inverse_results.InverseResultsTests.test_results_take_full_workspace_and_other_modes_restore_their_plots) ... ok
test_run_auto_opens_results_and_resume_keeps_complete_history (test_inverse_results.InverseResultsTests.test_run_auto_opens_results_and_resume_keeps_complete_history) ... ok
test_sorting_and_threshold_changes_keep_candidate_identity_for_apply_and_save (test_inverse_results.InverseResultsTests.test_sorting_and_threshold_changes_keep_candidate_identity_for_apply_and_save) ... ok
test_stopped_run_without_curves_keeps_scores_and_history_visible (test_inverse_results.InverseResultsTests.test_stopped_run_without_curves_keeps_scores_and_history_visible) ... ok
test_every_multi_layer_combination_is_analyzed_even_when_keep_best_is_one (test_inverse_workflow.InverseWorkflowTests.test_every_multi_layer_combination_is_analyzed_even_when_keep_best_is_one) ... ok
test_fixed_bulk_and_material_provenance_and_separate_save (test_inverse_workflow.InverseWorkflowTests.test_fixed_bulk_and_material_provenance_and_separate_save) ... ok
test_fresh_search_preserves_loaded_checkpoint_when_first_score_fails (test_inverse_workflow.InverseWorkflowTests.test_fresh_search_preserves_loaded_checkpoint_when_first_score_fails) ... ok
test_layer_setup_atomic_and_actionable (test_inverse_workflow.InverseWorkflowTests.test_layer_setup_atomic_and_actionable) ... ok
test_legacy_seed_budget_and_refinement_cannot_limit_or_change_the_grid (test_inverse_workflow.InverseWorkflowTests.test_legacy_seed_budget_and_refinement_cannot_limit_or_change_the_grid) ... ok
test_live_count_never_allocates_the_frequency_sweep (test_inverse_workflow.InverseWorkflowTests.test_live_count_never_allocates_the_frequency_sweep) ... ok
test_loaded_checkpoint_can_be_copied_before_rebuilding_plots (test_inverse_workflow.InverseWorkflowTests.test_loaded_checkpoint_can_be_copied_before_rebuilding_plots) ... ok
test_loading_project_clears_interrupted_resume_state (test_inverse_workflow.InverseWorkflowTests.test_loading_project_clears_interrupted_resume_state) ... ok
test_missing_step_is_actionable_and_live_count_includes_tolerance_cases (test_inverse_workflow.InverseWorkflowTests.test_missing_step_is_actionable_and_live_count_includes_tolerance_cases) ... ok
test_partial_score_is_not_retained (test_inverse_workflow.InverseWorkflowTests.test_partial_score_is_not_retained) ... ok
test_recovery_file_survives_project_reload_and_resumes_remaining_scores (test_inverse_workflow.InverseWorkflowTests.test_recovery_file_survives_project_reload_and_resumes_remaining_scores) ... ok
test_stop_during_plots_resumes_without_repeating_any_scores (test_inverse_workflow.InverseWorkflowTests.test_stop_during_plots_resumes_without_repeating_any_scores) ... ok
test_stop_keeps_only_completed_scores_and_resume_finishes_exact_grid (test_inverse_workflow.InverseWorkflowTests.test_stop_keeps_only_completed_scores_and_resume_finishes_exact_grid) ... ok
test_batch_keeps_valid_files_when_another_file_is_rejected (test_material_explorer.MaterialExplorerModelTests.test_batch_keeps_valid_files_when_another_file_is_rejected) ... ok
test_case_distinct_files_remain_distinct_on_case_sensitive_filesystem (test_material_explorer.MaterialExplorerModelTests.test_case_distinct_files_remain_distinct_on_case_sensitive_filesystem) ... skipped 'host path rules are case-insensitive'
test_color_identity_survives_removing_an_earlier_source (test_material_explorer.MaterialExplorerModelTests.test_color_identity_survives_removing_an_earlier_source) ... ok
test_common_frequency_range_uses_overlap_without_extrapolation (test_material_explorer.MaterialExplorerModelTests.test_common_frequency_range_uses_overlap_without_extrapolation) ... ok
test_direct_properties_summary_and_loss_tangent (test_material_explorer.MaterialExplorerModelTests.test_direct_properties_summary_and_loss_tangent) ... ok
test_extrema_preserving_decimation_keeps_narrow_resonance (test_material_explorer.MaterialExplorerModelTests.test_extrema_preserving_decimation_keeps_narrow_resonance) ... ok
test_failed_reload_retains_last_valid_cached_table (test_material_explorer.MaterialExplorerModelTests.test_failed_reload_retains_last_valid_cached_table) ... ok
test_inactive_material_mix_target_is_not_offered_to_explorer (test_material_explorer.MaterialExplorerModelTests.test_inactive_material_mix_target_is_not_offered_to_explorer) ... ok
test_nonpositive_real_part_has_no_reported_loss_tangent (test_material_explorer.MaterialExplorerModelTests.test_nonpositive_real_part_has_no_reported_loss_tangent) ... ok
test_resolved_path_deduplication (test_material_explorer.MaterialExplorerModelTests.test_resolved_path_deduplication) ... ok
test_same_frequency_comparison_interpolates_without_extrapolation (test_material_explorer.MaterialExplorerModelTests.test_same_frequency_comparison_interpolates_without_extrapolation) ... ok
test_loading_explorer_file_does_not_dirty_project_or_change_stack (test_material_explorer.MaterialExplorerUiTests.test_loading_explorer_file_does_not_dirty_project_or_change_stack) ... ok
test_mode_uses_full_read_only_workspace (test_material_explorer.MaterialExplorerUiTests.test_mode_uses_full_read_only_workspace) ... ok
test_conversion_is_reproducible_and_solver_compatible (test_material_validation.NistMaterialValidationTests.test_conversion_is_reproducible_and_solver_compatible) ... ok
test_forward_inverse_and_measured_regressions (test_material_validation.NistMaterialValidationTests.test_forward_inverse_and_measured_regressions) ... ok
test_vendored_sources_match_nist_checksums (test_material_validation.NistMaterialValidationTests.test_vendored_sources_match_nist_checksums) ... ok
test_bounded_volume_fraction_projection (test_physics_and_io.EffectiveMediumTests.test_bounded_volume_fraction_projection) ... ok
test_branch_models_and_passivity_fail_closed (test_physics_and_io.EffectiveMediumTests.test_branch_models_and_passivity_fail_closed) ... ok
test_bruggeman_solution_satisfies_its_implicit_equation (test_physics_and_io.EffectiveMediumTests.test_bruggeman_solution_satisfies_its_implicit_equation) ... ok
test_explicit_mix_frequency_grid_is_preserved (test_physics_and_io.EffectiveMediumTests.test_explicit_mix_frequency_grid_is_preserved) ... ok
test_models_preserve_identical_constituents_and_endpoints (test_physics_and_io.EffectiveMediumTests.test_models_preserve_identical_constituents_and_endpoints) ... ok
test_wiener_looyenga_and_maxwell_garnett_closed_forms (test_physics_and_io.EffectiveMediumTests.test_wiener_looyenga_and_maxwell_garnett_closed_forms) ... ok
test_active_or_nonfinite_exports_are_rejected (test_physics_and_io.MaterialIoTests.test_active_or_nonfinite_exports_are_rejected) ... ok
test_bad_material_files_fail_closed (test_physics_and_io.MaterialIoTests.test_bad_material_files_fail_closed) ... ok
test_material_round_trip_uses_solver_schema_and_hz (test_physics_and_io.MaterialIoTests.test_material_round_trip_uses_solver_schema_and_hz) ... ok
test_nominal_impedance_stays_three_column_with_sidecar (test_physics_and_io.MaterialIoTests.test_nominal_impedance_stays_three_column_with_sidecar) ... ok
test_one_row_material_is_valid_for_one_frequency (test_physics_and_io.MaterialIoTests.test_one_row_material_is_valid_for_one_frequency) ... ok
test_air_backed_quarter_wave_slab_matches_closed_form (test_physics_and_io.PhysicsTests.test_air_backed_quarter_wave_slab_matches_closed_form) ... ok
test_anisotropic_oblique_tm_fails_closed_without_eps_z (test_physics_and_io.PhysicsTests.test_anisotropic_oblique_tm_fails_closed_without_eps_z) ... ok
test_directional_material_is_principal_axis_only (test_physics_and_io.PhysicsTests.test_directional_material_is_principal_axis_only) ... ok
test_empty_and_quarter_wave_reference_cases (test_physics_and_io.PhysicsTests.test_empty_and_quarter_wave_reference_cases) ... ok
test_exact_grazing_and_nonpositive_frequency_are_rejected (test_physics_and_io.PhysicsTests.test_exact_grazing_and_nonpositive_frequency_are_rejected) ... ok
test_layer_order_changes_input_impedance (test_physics_and_io.PhysicsTests.test_layer_order_changes_input_impedance) ... ok
test_lossless_oblique_stacks_conserve_power_for_te_and_tm (test_physics_and_io.PhysicsTests.test_lossless_oblique_stacks_conserve_power_for_te_and_tm) ... ok
test_normal_impedance_uses_same_causal_branch_as_angle_solver (test_physics_and_io.PhysicsTests.test_normal_impedance_uses_same_causal_branch_as_angle_solver) ... ok
test_oblique_resistive_sheet_matches_closed_form (test_physics_and_io.PhysicsTests.test_oblique_resistive_sheet_matches_closed_form) ... ok
test_phase_alignment_uses_short_circular_distance (test_physics_and_io.PhysicsTests.test_phase_alignment_uses_short_circular_distance) ... ok
test_polarization_labels_are_unambiguous_with_legacy_aliases (test_physics_and_io.PhysicsTests.test_polarization_labels_are_unambiguous_with_legacy_aliases) ... ok
test_scalar_vector_and_prepared_wave_paths_are_equivalent (test_physics_and_io.PhysicsTests.test_scalar_vector_and_prepared_wave_paths_are_equivalent) ... ok
test_thick_lossy_stack_has_finite_scaled_transmission (test_physics_and_io.PhysicsTests.test_thick_lossy_stack_has_finite_scaled_transmission) ... ok
test_failed_impedance_publish_preserves_existing_file (test_project_portability.AtomicFreddyWriterTests.test_failed_impedance_publish_preserves_existing_file) ... ok
test_failed_material_publish_preserves_existing_file (test_project_portability.AtomicFreddyWriterTests.test_failed_material_publish_preserves_existing_file) ... ok
test_failed_project_serialization_preserves_existing_file (test_project_portability.AtomicFreddyWriterTests.test_failed_project_serialization_preserves_existing_file) ... ok
test_failed_second_impedance_stage_preserves_nominal_and_uncertainty (test_project_portability.AtomicFreddyWriterTests.test_failed_second_impedance_stage_preserves_nominal_and_uncertainty) ... ok
test_distant_absolute_path_is_preserved_and_reported (test_project_portability.ProjectPathPortabilityTests.test_distant_absolute_path_is_preserved_and_reported) ... ok
test_legacy_schema_one_relative_paths_keep_working_directory_semantics (test_project_portability.ProjectPathPortabilityTests.test_legacy_schema_one_relative_paths_keep_working_directory_semantics) ... ok
test_neighboring_material_directory_uses_one_parent_hop (test_project_portability.ProjectPathPortabilityTests.test_neighboring_material_directory_uses_one_parent_hop) ... ok
test_relative_live_path_is_resolved_from_runtime_not_project_folder (test_project_portability.ProjectPathPortabilityTests.test_relative_live_path_is_resolved_from_runtime_not_project_folder) ... ok
test_relative_paths_follow_a_moved_project_tree (test_project_portability.ProjectPathPortabilityTests.test_relative_paths_follow_a_moved_project_tree) ... ok
test_transitional_schema_one_portable_paths_are_migrated_safely (test_project_portability.ProjectPathPortabilityTests.test_transitional_schema_one_portable_paths_are_migrated_safely) ... ok
test_fixed_recipe_is_evaluated_once_and_reports_progress (test_release_readiness.ReleaseReadinessTests.test_fixed_recipe_is_evaluated_once_and_reports_progress) ... ok
test_invalid_project_leaves_controls_layers_and_results_unchanged (test_release_readiness.ReleaseReadinessTests.test_invalid_project_leaves_controls_layers_and_results_unchanged) ... ok
test_preview_export_and_apply_use_captured_values_after_file_change (test_release_readiness.ReleaseReadinessTests.test_preview_export_and_apply_use_captured_values_after_file_change) ... ok
test_refinement_budget_is_bounded_and_stop_propagates_through_optimizer (test_release_readiness.ReleaseReadinessTests.test_refinement_budget_is_bounded_and_stop_propagates_through_optimizer) ... ok
test_search_candidate_export_is_independent_of_mutable_source_files (test_release_readiness.ReleaseReadinessTests.test_search_candidate_export_is_independent_of_mutable_source_files) ... ok
test_stop_button_controls_only_the_material_search (test_release_readiness.ReleaseReadinessTests.test_stop_button_controls_only_the_material_search) ... ok
test_stop_during_sampling_does_not_generate_the_whole_search (test_release_readiness.ReleaseReadinessTests.test_stop_during_sampling_does_not_generate_the_whole_search) ... ok
test_ui_does_not_publish_search_after_inputs_change (test_release_readiness.ReleaseReadinessTests.test_ui_does_not_publish_search_after_inputs_change) ... ok
test_changed_engine_and_corrupted_scores_are_rejected (test_search_checkpoint.SearchCheckpointTests.test_changed_engine_and_corrupted_scores_are_rejected) ... ok
test_disk_resume_scores_only_remaining_combinations (test_search_checkpoint.SearchCheckpointTests.test_disk_resume_scores_only_remaining_combinations) ... ok
test_failed_publication_preserves_previous_checkpoint (test_search_checkpoint.SearchCheckpointTests.test_failed_publication_preserves_previous_checkpoint) ... ok
test_invalid_counts_and_nonfinite_scores_never_publish (test_search_checkpoint.SearchCheckpointTests.test_invalid_counts_and_nonfinite_scores_never_publish) ... ok
test_portable_roundtrip_from_new_interpreter (test_search_checkpoint.SearchCheckpointTests.test_portable_roundtrip_from_new_interpreter) ... ok
test_edit_units_preview_and_background_export (test_table_conversion.ConverterUiTests.test_edit_units_preview_and_background_export) ... ok
test_explicit_headers_only_and_supported_delimiters (test_table_conversion.TableConversionTests.test_explicit_headers_only_and_supported_delimiters) ... ok
test_failed_publish_preserves_output_and_removes_staging (test_table_conversion.TableConversionTests.test_failed_publish_preserves_output_and_removes_staging) ... ok
test_hz_ghz_roundtrip_and_constant_columns (test_table_conversion.TableConversionTests.test_hz_ghz_roundtrip_and_constant_columns) ... ok
test_invalid_units_values_and_source_replacement_are_rejected (test_table_conversion.TableConversionTests.test_invalid_units_values_and_source_replacement_are_rejected) ... ok
test_material_conversion_is_readable_by_freddy (test_table_conversion.TableConversionTests.test_material_conversion_is_readable_by_freddy) ... ok
test_preview_is_bounded_but_export_validates_later_rows (test_table_conversion.TableConversionTests.test_preview_is_bounded_but_export_validates_later_rows) ... ok
test_ragged_binary_and_empty_files (test_table_conversion.TableConversionTests.test_ragged_binary_and_empty_files) ... ok
test_absolute_thickness_and_material_bounds (test_tolerance_analysis.ToleranceBackendTests.test_absolute_thickness_and_material_bounds) ... ok
test_cancellation_between_angles_and_during_trials_publishes_nothing (test_tolerance_analysis.ToleranceBackendTests.test_cancellation_between_angles_and_during_trials_publishes_nothing) ... ok
test_combined_property_support_rejects_singularity (test_tolerance_analysis.ToleranceBackendTests.test_combined_property_support_rejects_singularity) ... ok
test_input_validation_and_bounded_memory_estimate (test_tolerance_analysis.ToleranceBackendTests.test_input_validation_and_bounded_memory_estimate) ... ok
test_invalid_physical_support_and_missing_material_coverage (test_tolerance_analysis.ToleranceBackendTests.test_invalid_physical_support_and_missing_material_coverage) ... ok
test_partial_group_loadings_define_latent_correlation (test_tolerance_analysis.ToleranceBackendTests.test_partial_group_loadings_define_latent_correlation) ... ok
test_pass_miss_brackets_handle_nonmonotonicity_and_nominal_failure (test_tolerance_analysis.ToleranceBackendTests.test_pass_miss_brackets_handle_nonmonotonicity_and_nominal_failure) ... ok
test_per_layer_component_perturbations_match_independent_scalar_solver (test_tolerance_analysis.ToleranceBackendTests.test_per_layer_component_perturbations_match_independent_scalar_solver) ... ok
test_pointwise_failures_are_distinct_from_whole_region_yield (test_tolerance_analysis.ToleranceBackendTests.test_pointwise_failures_are_distinct_from_whole_region_yield) ... ok
test_report_captures_numeric_results_and_never_reinterpolates_per_trial (test_tolerance_analysis.ToleranceBackendTests.test_report_captures_numeric_results_and_never_reinterpolates_per_trial) ... ok
test_sampler_reproducible_bounded_and_group_correlated (test_tolerance_analysis.ToleranceBackendTests.test_sampler_reproducible_bounded_and_group_correlated) ... ok
test_sampling_parameter_order_survives_sorted_json_project_save (test_tolerance_analysis.ToleranceBackendTests.test_sampling_parameter_order_survives_sorted_json_project_save) ... ok
test_layer_edit_move_and_inverse_identity_preserve_tolerances (test_tolerance_analysis.ToleranceUiTests.test_layer_edit_move_and_inverse_identity_preserve_tolerances) ... ok
test_project_roundtrip_and_invalid_load_preserve_live_state (test_tolerance_analysis.ToleranceUiTests.test_project_roundtrip_and_invalid_load_preserve_live_state) ... .\tools\FREDDY\tests\test_tolerance_analysis.py:270: RuntimeWarning: FREDDY project contains external absolute path(s) that cannot move with the project folder: controls.output, controls.ibc_batch_output_dir, controls.angle_output, controls.thk_output.
  restored = load_project_file(path)
ok
test_real_background_job_captures_results_and_all_plots (test_tolerance_analysis.ToleranceUiTests.test_real_background_job_captures_results_and_all_plots) ... ok
test_stop_keeps_previous_result_and_releases_busy_state (test_tolerance_analysis.ToleranceUiTests.test_stop_keeps_previous_result_and_releases_busy_state) ... ok
test_about_is_a_full_guide_and_restores_analysis_on_return (test_ui_regressions.MaterialMixUiTests.test_about_is_a_full_guide_and_restores_analysis_on_return) ... ok
test_air_layer_fails_pec_absorber_target (test_ui_regressions.MaterialMixUiTests.test_air_layer_fails_pec_absorber_target) ... ok
test_coating_check_runs_read_only_and_shows_approximation_report (test_ui_regressions.MaterialMixUiTests.test_coating_check_runs_read_only_and_shows_approximation_report) ... ok
test_cwd_material_csv_is_not_silently_added_to_stack (test_ui_regressions.MaterialMixUiTests.test_cwd_material_csv_is_not_silently_added_to_stack) ... ok
test_dark_theme_applies_to_widgets_and_plot_canvas (test_ui_regressions.MaterialMixUiTests.test_dark_theme_applies_to_widgets_and_plot_canvas) ... ok
test_existing_outputs_require_one_explicit_replacement_confirmation (test_ui_regressions.MaterialMixUiTests.test_existing_outputs_require_one_explicit_replacement_confirmation) ... ok
test_failed_project_save_keeps_path_and_dirty_state (test_ui_regressions.MaterialMixUiTests.test_failed_project_save_keeps_path_and_dirty_state) ... ok
test_forward_display_honors_selected_frequency_grid (test_ui_regressions.MaterialMixUiTests.test_forward_display_honors_selected_frequency_grid) ... ok
test_host_theme_override_is_presentation_only_and_reversible (test_ui_regressions.MaterialMixUiTests.test_host_theme_override_is_presentation_only_and_reversible) ... ok
test_ibc_batch_existing_files_use_one_overwrite_prompt (test_ui_regressions.MaterialMixUiTests.test_ibc_batch_existing_files_use_one_overwrite_prompt) ... ok
test_ibc_batch_preflight_shows_count_and_canonical_names (test_ui_regressions.MaterialMixUiTests.test_ibc_batch_preflight_shows_count_and_canonical_names) ... ok
test_inverse_full_grid_is_repeatable_and_ignores_legacy_refinement (test_ui_regressions.MaterialMixUiTests.test_inverse_full_grid_is_repeatable_and_ignores_legacy_refinement) ... ok
test_inverse_grid_keeps_full_uncertainty_scores_and_new_target_is_fresh (test_ui_regressions.MaterialMixUiTests.test_inverse_grid_keeps_full_uncertainty_scores_and_new_target_is_fresh) ... ok
test_multifile_ibc_batch_clears_prior_host_artifact_at_start (test_ui_regressions.MaterialMixUiTests.test_multifile_ibc_batch_clears_prior_host_artifact_at_start) ... ok
test_performance_gap_uses_worst_grid_point (test_ui_regressions.MaterialMixUiTests.test_performance_gap_uses_worst_grid_point) ... ok
test_project_portability_warning_is_shown_in_gui (test_ui_regressions.MaterialMixUiTests.test_project_portability_warning_is_shown_in_gui) ... ok
test_saved_batch_units_preserve_physical_thickness (test_ui_regressions.MaterialMixUiTests.test_saved_batch_units_preserve_physical_thickness) ... ok
test_standalone_close_is_blocked_while_background_job_runs (test_ui_regressions.MaterialMixUiTests.test_standalone_close_is_blocked_while_background_job_runs) ... ok
test_themes_use_grim_blue_slate_contract (test_ui_regressions.MaterialMixUiTests.test_themes_use_grim_blue_slate_contract) ... ok
test_unsaved_project_close_can_cancel_or_discard (test_ui_regressions.MaterialMixUiTests.test_unsaved_project_close_can_cancel_or_discard) ... ok
test_workspace_accepts_optional_parent (test_ui_regressions.MaterialMixUiTests.test_workspace_accepts_optional_parent) ... ok
test_workspace_exposes_background_job_close_contract (test_ui_regressions.MaterialMixUiTests.test_workspace_exposes_background_job_close_contract) ... ok

----------------------------------------------------------------------
Ran 197 tests in 41.459s

OK (skipped=1)
