
run_local_monostatic.py
  ok   sweep completed
  ok   one run directory (got 1)
  ok   results/ holds exactly 2 files (got ['2.000GHz_coupon_a.grim', '2.000GHz_coupon_b.grim'])
  ok   every file in results/ is a .grim
  ok   results/ holds no .provenance.json sidecars
  ok   2-D results preserve their FRD/OPN role for downstream tools
  ok   each 2-D result contains canonical VV and HH channels
  ok   manifest reports the run complete
  ok   manifest does not re-hash every output at the end
  ok   the angular grid is recorded once at manifest level
  ok   no unit repeats the shared angular grid
  ok   each result carries its run binding inside the artifact
  ok   the binding names the angular grid it was solved on
  ok   the manifest on disk still hashes to what the results bound to

run_local_monostatic.py resume
  ok   every finished unit verifies and skips (got {'skipped'})

polarization aliases
  ok   VV maps to TE and HH maps to TM
  ok   labels are case- and whitespace-insensitive
  ok   resource-planning labels come back as written
  ok   ['VV', 'TE'] is rejected as one channel written twice
  ok   ['HH', 'TM'] is rejected as one channel written twice
  ok   ['V', 'VERTICAL'] is rejected as one channel written twice
  ok   2-D driver defaults to CPU streaming and exposes no polarization or dead CFIE control

run_local_bor.py
  ok   imports, validates its config, and forwards only real solver knobs

run_local_bor.py downstream collection
  ok   completed frequency writes visible VV and HH restart records
  ok   one monostatic body GRIM was written (got 1)
  ok   collected body contains both channels and the requested frequency
  ok   base-mesh body passes downstream structural checks without a certification gate
  ok   the same file carries the requested monostatic radar grid
  ok   the final body preserves both channels' honest survey diagnostics
  ok   a survey body is explicitly rejected as uncertified

30 passed, 0 failed
