test_backend_path_override_takes_priority (test_grim_bridge_csv.GrimBridgeCsvTest.test_backend_path_override_takes_priority) ... ok
test_cem_export_uses_versioned_power_schema_and_round_trips_metadata (test_grim_bridge_csv.GrimBridgeCsvTest.test_cem_export_uses_versioned_power_schema_and_round_trips_metadata) ... ok
test_failed_import_can_be_retried_without_partial_module (test_grim_bridge_csv.GrimBridgeCsvTest.test_failed_import_can_be_retried_without_partial_module) ... ok
test_foreign_namespace_package_is_rejected (test_grim_bridge_csv.GrimBridgeCsvTest.test_foreign_namespace_package_is_rejected) ... ok
test_old_cem_amplitude_table_keeps_legacy_square_semantics (test_grim_bridge_csv.GrimBridgeCsvTest.test_old_cem_amplitude_table_keeps_legacy_square_semantics) ... ok
test_source_conversion_without_editable_install_paths (test_grim_bridge_csv.GrimBridgeCsvTest.test_source_conversion_without_editable_install_paths) ... ok
test_fast_batch_bounds_gui_events_and_preserves_final_count (test_gui_progress.GuiProgressTests.test_fast_batch_bounds_gui_events_and_preserves_final_count) ... ok
test_fast_failure_flushes_the_latest_completed_count (test_gui_progress.GuiProgressTests.test_fast_failure_flushes_the_latest_completed_count) ... ok
test_live_progress_failure_and_subsequent_success (test_gui_progress.GuiProgressTests.test_live_progress_failure_and_subsequent_success) ... ok
test_certification_is_advisory_and_not_inherited (test_operations.OperationsTest.test_certification_is_advisory_and_not_inherited)
Transforms accept certified inputs without certifying their output. ... ok
test_concat_and_coherent_subtract_are_solver_compatible (test_operations.OperationsTest.test_concat_and_coherent_subtract_are_solver_compatible) ... ok
test_conversion_progress_counts_inputs_when_one_file_produces_multiple_outputs (test_operations.OperationsTest.test_conversion_progress_counts_inputs_when_one_file_produces_multiple_outputs) ... ok
test_dual_channel_certification_is_advisory (test_operations.OperationsTest.test_dual_channel_certification_is_advisory) ... ok
test_embedded_single_channel_contract_remains_valid (test_operations.OperationsTest.test_embedded_single_channel_contract_remains_valid) ... ok
test_failed_channel_certification_does_not_block_subtraction (test_operations.OperationsTest.test_failed_channel_certification_does_not_block_subtraction) ... ok
test_failed_conversion_does_not_report_unwritten_file_as_complete (test_operations.OperationsTest.test_failed_conversion_does_not_report_unwritten_file_as_complete) ... ok
test_grim_csv_grim_conversion_keeps_grid_values (test_operations.OperationsTest.test_grim_csv_grim_conversion_keeps_grid_values) ... ok
test_in_place_rename_reports_staging_and_completed_names (test_operations.OperationsTest.test_in_place_rename_reports_staging_and_completed_names) ... ok
test_malformed_certification_is_advisory (test_operations.OperationsTest.test_malformed_certification_is_advisory) ... ok
test_mixed_certification_is_advisory (test_operations.OperationsTest.test_mixed_certification_is_advisory) ... ok
test_one_frd_baseline_is_reused_for_multiple_opn_cases (test_operations.OperationsTest.test_one_frd_baseline_is_reused_for_multiple_opn_cases) ... ok
test_only_rename_allows_in_place_output (test_operations.OperationsTest.test_only_rename_allows_in_place_output) ... ok
test_progress_counts_only_completed_outputs_for_every_operation (test_operations.OperationsTest.test_progress_counts_only_completed_outputs_for_every_operation) ... ok
test_rename_copy_and_in_place (test_operations.OperationsTest.test_rename_copy_and_in_place) ... ok
test_subtraction_aligns_equivalent_polarization_aliases (test_operations.OperationsTest.test_subtraction_aligns_equivalent_polarization_aliases) ... ok
test_subtraction_requires_both_channels_and_accepts_zero_fields (test_operations.OperationsTest.test_subtraction_requires_both_channels_and_accepts_zero_fields) ... ok
test_uncertified_source_has_no_certificate_evidence (test_operations.OperationsTest.test_uncertified_source_has_no_certificate_evidence) ... ok

----------------------------------------------------------------------
Ran 27 tests in 1.484s

OK
