airfoil Base mesh: VV
airfoil 0 1448 Base mesh: VV: Initializing solver
airfoil Base mesh: VV elapsed 30.0 RSS MiB 273
airfoil Base mesh: VV elapsed 60.0 RSS MiB 328
airfoil Base mesh: VV elapsed 90.0 RSS MiB 390
airfoil Base mesh: VV elapsed 120.1 RSS MiB 423
airfoil Base mesh: VV elapsed 150.1 RSS MiB 476
airfoil Base mesh: VV elapsed 180.1 RSS MiB 507
airfoil Base mesh: VV elapsed 210.1 RSS MiB 560
airfoil Base mesh: VV elapsed 240.1 RSS MiB 610
airfoil Base mesh: VV elapsed 270.1 RSS MiB 652
airfoil Base mesh: VV elapsed 300.1 RSS MiB 705
airfoil Base mesh: VV elapsed 330.1 RSS MiB 755
airfoil Base mesh: VV elapsed 360.1 RSS MiB 797
airfoil Base mesh: VV elapsed 390.1 RSS MiB 860
airfoil Base mesh: VV elapsed 420.2 RSS MiB 904
airfoil Base mesh: VV elapsed 450.2 RSS MiB 941
airfoil Base mesh: VV elapsed 480.2 RSS MiB 988
airfoil Base mesh: VV elapsed 510.2 RSS MiB 1042
airfoil Base mesh: VV elapsed 540.2 RSS MiB 1018
airfoil Base mesh: VV elapsed 570.2 RSS MiB 1016
airfoil Base mesh: VV elapsed 600.2 RSS MiB 1042
airfoil Base mesh: VV elapsed 630.2 RSS MiB 1049
airfoil Base mesh: VV elapsed 660.2 RSS MiB 1182
airfoil Base mesh: VV elapsed 690.2 RSS MiB 1262
airfoil Base mesh: HH
airfoil Base mesh: HH elapsed 720.2 RSS MiB 1015
airfoil Base mesh: HH elapsed 750.2 RSS MiB 1016
airfoil Base mesh: HH elapsed 780.3 RSS MiB 1042
airfoil Base mesh: HH elapsed 810.3 RSS MiB 1047
airfoil Base mesh: HH elapsed 840.3 RSS MiB 1178
airfoil Base mesh: HH elapsed 870.3 RSS MiB 1296
airfoil Fine mesh: VV
airfoil Fine mesh: VV elapsed 900.3 RSS MiB 368
airfoil Fine mesh: VV elapsed 930.3 RSS MiB 397
airfoil Fine mesh: VV elapsed 960.3 RSS MiB 450
airfoil Fine mesh: VV elapsed 990.3 RSS MiB 492
airfoil Fine mesh: VV elapsed 1020.3 RSS MiB 552
airfoil Fine mesh: VV elapsed 1050.4 RSS MiB 593
airfoil Fine mesh: VV elapsed 1080.4 RSS MiB 615
airfoil Fine mesh: VV elapsed 1110.4 RSS MiB 657
airfoil Fine mesh: VV elapsed 1140.4 RSS MiB 702
airfoil Fine mesh: VV elapsed 1170.4 RSS MiB 753
airfoil Fine mesh: VV elapsed 1200.4 RSS MiB 785
airfoil Fine mesh: VV elapsed 1230.4 RSS MiB 821
airfoil Fine mesh: VV elapsed 1260.4 RSS MiB 879
airfoil Fine mesh: VV elapsed 1290.5 RSS MiB 918
airfoil Fine mesh: VV elapsed 1320.5 RSS MiB 956
airfoil Fine mesh: VV elapsed 1350.5 RSS MiB 1019
airfoil Fine mesh: VV elapsed 1380.5 RSS MiB 1053
airfoil Fine mesh: VV elapsed 1410.5 RSS MiB 1091
airfoil Fine mesh: VV elapsed 1440.5 RSS MiB 1148
airfoil Fine mesh: VV elapsed 1470.5 RSS MiB 1193
airfoil Fine mesh: VV elapsed 1500.5 RSS MiB 1228
airfoil Fine mesh: VV elapsed 1530.5 RSS MiB 1272
airfoil Fine mesh: VV elapsed 1560.5 RSS MiB 1307
airfoil Fine mesh: VV elapsed 1590.5 RSS MiB 1350
airfoil Fine mesh: VV elapsed 1620.5 RSS MiB 1386
airfoil Fine mesh: VV elapsed 1650.5 RSS MiB 1428
airfoil Fine mesh: VV elapsed 1680.5 RSS MiB 1472
airfoil Fine mesh: VV elapsed 1710.5 RSS MiB 1507
airfoil Fine mesh: VV elapsed 1740.6 RSS MiB 1555
airfoil Fine mesh: VV elapsed 1770.6 RSS MiB 1592
airfoil Fine mesh: VV elapsed 1800.6 RSS MiB 1617
airfoil Fine mesh: VV elapsed 1830.6 RSS MiB 1656
airfoil Fine mesh: VV elapsed 1860.6 RSS MiB 1694
airfoil Fine mesh: VV elapsed 1890.6 RSS MiB 1734
airfoil Fine mesh: VV elapsed 1920.6 RSS MiB 1761
airfoil Fine mesh: VV elapsed 1950.6 RSS MiB 1802
airfoil Fine mesh: VV elapsed 1980.6 RSS MiB 1842
airfoil Fine mesh: VV elapsed 2010.6 RSS MiB 1883
airfoil Fine mesh: VV elapsed 2040.6 RSS MiB 1911
airfoil Fine mesh: VV elapsed 2070.6 RSS MiB 1961
airfoil Fine mesh: VV elapsed 2100.6 RSS MiB 2002
airfoil Fine mesh: VV elapsed 2130.6 RSS MiB 2046
airfoil Fine mesh: VV elapsed 2160.6 RSS MiB 2082
airfoil Fine mesh: VV elapsed 2190.6 RSS MiB 2092
airfoil Fine mesh: VV elapsed 2220.7 RSS MiB 2091
airfoil Fine mesh: VV elapsed 2250.7 RSS MiB 2097
airfoil Fine mesh: VV elapsed 2280.7 RSS MiB 2093
airfoil Fine mesh: VV elapsed 2310.7 RSS MiB 2100
airfoil Fine mesh: VV elapsed 2340.7 RSS MiB 2128
airfoil Fine mesh: VV elapsed 2370.7 RSS MiB 2131
airfoil Fine mesh: VV elapsed 2400.7 RSS MiB 2125
airfoil Fine mesh: VV elapsed 2430.7 RSS MiB 2133
airfoil Fine mesh: VV elapsed 2460.7 RSS MiB 2134
airfoil Fine mesh: VV elapsed 2490.7 RSS MiB 2144
airfoil Fine mesh: VV elapsed 2520.7 RSS MiB 2154
airfoil Fine mesh: VV elapsed 2550.7 RSS MiB 2163
airfoil Fine mesh: VV elapsed 2580.8 RSS MiB 2178
airfoil Fine mesh: VV elapsed 2610.8 RSS MiB 2214
airfoil Fine mesh: VV elapsed 2640.8 RSS MiB 2262
airfoil Fine mesh: VV elapsed 2670.8 RSS MiB 2280
airfoil Fine mesh: VV elapsed 2700.8 RSS MiB 2315
airfoil Fine mesh: VV elapsed 2730.8 RSS MiB 2400
airfoil Fine mesh: VV elapsed 2760.8 RSS MiB 2450
airfoil Fine mesh: VV elapsed 2790.8 RSS MiB 3062
airfoil Fine mesh: HH
airfoil Fine mesh: HH elapsed 2820.8 RSS MiB 1894
airfoil Fine mesh: HH elapsed 2850.8 RSS MiB 1899
airfoil Fine mesh: HH elapsed 2880.8 RSS MiB 1899
airfoil Fine mesh: HH elapsed 2910.8 RSS MiB 1911
airfoil Fine mesh: HH elapsed 2940.9 RSS MiB 1905
airfoil Fine mesh: HH elapsed 2970.9 RSS MiB 1940
airfoil Fine mesh: HH elapsed 3000.9 RSS MiB 1944
airfoil Fine mesh: HH elapsed 3030.9 RSS MiB 1950
airfoil Fine mesh: HH elapsed 3060.9 RSS MiB 1981
airfoil Fine mesh: HH elapsed 3090.9 RSS MiB 2145
airfoil Fine mesh: HH elapsed 3120.9 RSS MiB 2167
airfoil Fine mesh: HH elapsed 3150.9 RSS MiB 2291
airfoil Fine mesh: HH elapsed 3180.9 RSS MiB 2775
airfoil Fine mesh: HH elapsed 3210.9 RSS MiB 2791
airfoil 1448 1448 Fine mesh: HH: Experimental CPU: solved 361 of 361 angles at 10.0 GHz
airfoil 3214.3978804 True 
