pec 0 724 VV: Initializing solver
pec 724 724 HH: Experimental CPU: solved 361 of 361 angles at 0.6 GHz
pec 0.736094799998682 True 
ibc 0 724 VV: Initializing solver
ibc 724 724 HH: Experimental CPU: solved 361 of 361 angles at 0.6 GHz
ibc 0.8181764999972074 True 
pec_ibc 0 724 VV: Initializing solver
pec_ibc 724 724 HH: Experimental CPU: solved 361 of 361 angles at 0.6 GHz
pec_ibc 2.3399649999992107 True 
lossless 0 724 VV: Initializing solver
lossless 724 724 HH: Experimental CPU: solved 361 of 361 angles at 0.6 GHz
lossless 2.5595627000002423 True 
lossy 0 724 VV: Initializing solver
lossy 724 724 HH: Experimental CPU: solved 361 of 361 angles at 0.6 GHz
lossy 2.937146099997335 True 
magnetic 0 724 VV: Initializing solver
magnetic 724 724 HH: Experimental CPU: solved 361 of 361 angles at 0.6 GHz
magnetic 2.865968400001293 True 
coated 0 724 VV: Initializing solver
coated 724 724 HH: Experimental CPU: solved 361 of 361 angles at 0.6 GHz
coated 5.776071099997353 True 
layered 0 724 VV: Initializing solver
layered 724 724 HH: Experimental CPU: solved 361 of 361 angles at 0.6 GHz
layered 6.528450600002543 True 
mixed 0 724 VV: Initializing solver
mixed 724 724 HH: Experimental CPU: solved 361 of 361 angles at 0.6 GHz
mixed 3.655024299998331 True 
sheet 0 724 VV: Initializing solver
sheet 0.9896929000024102 True 
mixed_sheet 0 724 VV: Initializing solver
mixed_sheet 4.80396870000186 True 
thin 0 724 VV: Initializing solver
thin 2.3115531999974337 True 
thin_magnetic 0 724 VV: Initializing solver
thin_magnetic 2.3311127000015404 True 
transparent 0 724 VV: Initializing solver
transparent 0.01677399999971385 True 
