pec-n384-f0.6 TE periodic 0.006283299999267911 1.8907341066806464e-15 None
pec-n384-f0.6 TE deferred 0.005277300000670948 2.030540075610677e-15 None
pec-n384-f0.6 TM periodic 0.007148400000005495 3.180655497517603e-15 None
pec-n384-f0.6 TM deferred 0.006160799999634037 3.180655497517603e-15 None
ibc-n384-f0.6 TE periodic 0.006070999999792548 2.2129002111039612e-15 None
ibc-n384-f0.6 TE deferred 0.004845000001296285 2.2129002111039612e-15 None
ibc-n384-f0.6 TM periodic 0.008092500000202563 3.2608681953260764e-15 None
ibc-n384-f0.6 TM deferred 0.00561070000003383 3.2967029877163924e-15 None
pec_ibc-n384-f0.6 TE periodic 0.02798609999990731 1.653791868735911e-15 None
pec_ibc-n384-f0.6 TE deferred 0.018979200000103447 1.875860081653549e-15 None
pec_ibc-n384-f0.6 TM periodic 0.024553699999160017 2.645381768111779e-15 None
pec_ibc-n384-f0.6 TM deferred 0.018323199999940698 2.829282394118337e-15 None
lossless-n384-f0.6 TE periodic 0.0432490000002872 4.6893870982145276e-14 None
lossless-n384-f0.6 TE deferred 0.03925349999917671 9.3398328458684e-15 None
lossless-n384-f0.6 TM periodic 0.044674700000541634 1.843262556275654e-13 None
lossless-n384-f0.6 TM deferred 0.03609200000028068 3.408589899564898e-14 None
lossy-n384-f0.6 TE periodic 0.04434340000079828 7.219332758614927e-14 None
lossy-n384-f0.6 TE deferred 0.03118460000041523 1.5481028508457812e-14 None
lossy-n384-f0.6 TM periodic 0.04546649999974761 1.7266746043051418e-13 None
lossy-n384-f0.6 TM deferred 0.036591099998986465 4.750733876953603e-15 None
magnetic-n384-f0.6 TE periodic 0.05437050000000454 4.1178503084466006e-13 None
magnetic-n384-f0.6 TE deferred 0.03759570000147505 8.883445388841602e-13 None
magnetic-n384-f0.6 TM periodic 0.044752000001608394 1.420967188395341e-13 None
magnetic-n384-f0.6 TM deferred 0.03610040000057779 2.4200800793087746e-13 None
coated-n384-f0.6 TE periodic 0.13353830000050948 6.330421695877379e-15 None
coated-n384-f0.6 TE deferred 0.10072170000057667 6.159981923280084e-15 None
coated-n384-f0.6 TM periodic 0.12614620000022114 4.304908661793823e-15 None
coated-n384-f0.6 TM deferred 0.1134913999994751 4.701826979312018e-15 None
layered-n384-f0.6 TE periodic 0.24911819999942963 7.671381554299009e-15 None
layered-n384-f0.6 TE deferred 0.16147819999969215 7.760275582594528e-15 None
layered-n384-f0.6 TM periodic 0.26287370000136434 1.2490668380748195e-14 None
layered-n384-f0.6 TM deferred 0.20205069999974512 1.212681818308542e-14 None
mixed-n384-f0.6 TE periodic 0.09034280000014405 1.912776585298824e-15 None
mixed-n384-f0.6 TE deferred 0.06538499999987835 2.1744595893584588e-15 None
mixed-n384-f0.6 TM periodic 0.0782961000004434 5.905122690113664e-15 None
mixed-n384-f0.6 TM deferred 0.06904209999993327 5.581186655061371e-15 None
sheet-n384-f0.6 TE periodic 0.00603899999987334 6.502644014409123e-15 None
sheet-n384-f0.6 TE deferred 0.0046070000007603085 6.710743224718367e-15 None
sheet-n384-f0.6 TM periodic 0.0047058999989531 1.3237914849724763e-15 None
sheet-n384-f0.6 TM deferred 0.004430399998454959 1.3237914849724763e-15 None
mixed_sheet-n384-f0.6 TE periodic 0.027563699999518576 1.7998827166019175e-14 None
mixed_sheet-n384-f0.6 TE deferred 0.029363499999817577 1.8011679546274298e-14 None
mixed_sheet-n384-f0.6 TM periodic 0.030036599999220925 3.748896000505635e-15 None
mixed_sheet-n384-f0.6 TM deferred 0.0224820000003092 3.879710567875467e-15 None
thin-n384-f0.6 TE periodic 0.03579540000100678 2.578538843945708e-11 None
thin-n384-f0.6 TE deferred 0.0310444999995525 1.3172351322292657e-11 None
thin-n384-f0.6 TM periodic 0.005588699999862001 2.9533909436085455e-15 None
thin-n384-f0.6 TM deferred 0.004253299999618321 2.9533909436085455e-15 None
thin_magnetic-n384-f0.6 TE periodic 0.037166800000704825 5.0213954992562136e-11 None
thin_magnetic-n384-f0.6 TE deferred 0.03128339999966556 2.4867860963042252e-11 None
thin_magnetic-n384-f0.6 TM periodic 0.03514519999953336 2.50098728474517e-12 None
thin_magnetic-n384-f0.6 TM deferred 0.03531509999993432 3.287747363028934e-12 None
