airfoil-n256-f2.0 TE double full 0.9682
airfoil-n256-f2.0 TE double svd_batch 0.9095
airfoil-n256-f2.0 TE double qr_batch 0.8298
airfoil-n256-f2.0 TE double qr_global 0.7339
airfoil-n256-f2.0 TE double fourier_global 0.665
airfoil-n256-f2.0 TE double qr_residual_identity 0.383
airfoil-n256-f2.0 TE mixed full 4.5701
airfoil-n256-f2.0 TE mixed svd_batch 1.8843
airfoil-n256-f2.0 TE mixed qr_batch 1.8468
airfoil-n256-f2.0 TE mixed qr_global 1.3057
airfoil-n256-f2.0 TE mixed fourier_global 1.3379
airfoil-n256-f2.0 TE mixed qr_residual_identity 0.9436
airfoil-n256-f2.0 TM double full 0.9402
airfoil-n256-f2.0 TM double svd_batch 0.9382
airfoil-n256-f2.0 TM double qr_batch 0.8337
airfoil-n256-f2.0 TM double qr_global 0.7525
airfoil-n256-f2.0 TM double fourier_global 0.6799
airfoil-n256-f2.0 TM double qr_residual_identity 0.3937
airfoil-n256-f2.0 TM mixed full 3.1744
airfoil-n256-f2.0 TM mixed svd_batch 1.6649
airfoil-n256-f2.0 TM mixed qr_batch 1.4568
airfoil-n256-f2.0 TM mixed qr_global 1.0867
airfoil-n256-f2.0 TM mixed fourier_global 1.109
airfoil-n256-f2.0 TM mixed qr_residual_identity 0.7357
