airfoil-n256-f1.0 TE double full 0.2648
airfoil-n256-f1.0 TE double svd_batch 0.304
airfoil-n256-f1.0 TE double qr_batch 0.267
airfoil-n256-f1.0 TE double qr_global 0.2424
airfoil-n256-f1.0 TE double fourier_global 0.1878
airfoil-n256-f1.0 TE double qr_residual_identity 0.1376
airfoil-n256-f1.0 TE mixed full 1.4504
airfoil-n256-f1.0 TE mixed svd_batch 0.5772
airfoil-n256-f1.0 TE mixed qr_batch 0.5257
airfoil-n256-f1.0 TE mixed qr_global 0.4021
airfoil-n256-f1.0 TE mixed fourier_global 0.3865
airfoil-n256-f1.0 TE mixed qr_residual_identity 0.3097
airfoil-n256-f1.0 TM double full 0.2662
airfoil-n256-f1.0 TM double svd_batch 0.3014
airfoil-n256-f1.0 TM double qr_batch 0.247
airfoil-n256-f1.0 TM double qr_global 0.2294
airfoil-n256-f1.0 TM double fourier_global 0.1791
airfoil-n256-f1.0 TM double qr_residual_identity 0.1405
airfoil-n256-f1.0 TM mixed full 1.1086
airfoil-n256-f1.0 TM mixed svd_batch 0.4935
airfoil-n256-f1.0 TM mixed qr_batch 0.4507
airfoil-n256-f1.0 TM mixed qr_global 0.3481
airfoil-n256-f1.0 TM mixed fourier_global 0.3085
airfoil-n256-f1.0 TM mixed qr_residual_identity 0.2451
