ka= 1.2575070131710089
pec galerkin
   n=   64  TM 2.096e-03  TE 2.357e-03
   n=  128  TM 5.271e-04  TE 5.884e-04
   n=  256  TM 1.326e-04  TE 1.470e-04
   n=  512  TM 3.349e-05  TE 3.673e-05
   n= 1024  TM 8.536e-06  TE 9.179e-06
pec pulse
   n=   64  TM 3.025e-03  TE 4.709e-03
   n=  128  TM 7.584e-04  TE 2.646e-03
   n=  256  TM 1.898e-04  TE 1.445e-03
   n=  512  TM 4.749e-05  TE 7.572e-04
   n= 1024  TM 1.187e-05  TE 3.877e-04
ibc galerkin
   n=   64  TM 3.511e-04  TE 7.667e-04
   n=  128  TM 8.777e-05  TE 1.891e-04
   n=  256  TM 2.200e-05  TE 4.709e-05
   n=  512  TM 5.529e-06  TE 1.178e-05
   n= 1024  TM 1.397e-06  TE 2.957e-06
ibc pulse
   n=   64  TM 4.876e-03  TE 3.543e-03
   n=  128  TM 2.582e-03  TE 1.307e-03
   n=  256  TM 1.328e-03  TE 5.359e-04
   n=  512  TM 6.736e-04  TE 2.383e-04
   n= 1024  TM 3.392e-04  TE 1.117e-04
lossy galerkin
   n=   64  TM 6.717e-03  TE 1.330e-02
   n=  128  TM 1.698e-03  TE 3.326e-03
   n=  256  TM 4.269e-04  TE 8.246e-04
   n=  512  TM 1.072e-04  TE 2.024e-04
   n= 1024  TM 2.699e-05  TE 4.876e-05
lossy pulse
   n=   64  TM 1.102e-01  TE 1.136e-01
   n=  128  TM 5.453e-02  TE 5.456e-02
   n=  256  TM 2.714e-02  TE 2.664e-02
   n=  512  TM 1.354e-02  TE 1.315e-02
   n= 1024  TM 6.764e-03  TE 6.533e-03

[exited with code 0]
